Mplus VERSION 8.6
MUTHEN & MUTHEN
05/27/2025   8:07 AM

INPUT INSTRUCTIONS

  TITLE:
  CFA for scale Vignette4
  DATA:
  FILE = "CFA_Vignette4_3699cc14f4f096fde8bd45568ce90067.dat";
   LISTWISE=ON;
  VARIABLE:
  NAMES = rat1 rat2 rat3 rat4;
   MISSING=.;
   usevariables =rat1
  rat2
  rat3
  rat4;
  ANALYSIS:

      type=general;
      estimator = MLR;

  MODEL:
  Vignette4 BY rat1*(p1)
  rat2(p2)
  rat3(p3)
  rat4(p4);

  Vignette4@1

  rat1(e1)
  rat2(e2)
  rat3(e3)
  rat4(e4);
  MODEL CONSTRAINT:
  NEW(CM_True); ! True-Score variance
  CM_True = ((p1 +
  p2 +
  p3 +
  p4)**2)*1.0;

  NEW(CM_Error); ! error variance
  CM_Error = (e1 +
  e2 +
  e3 +
  e4);

  NEW(CM_OMEGA); ! compute OMEGA (true-Score variance / total variance)
  CM_OMEGA = (CM_True)/(CM_True + CM_Error);
  OUTPUT:
  sampstat standardized stdyx residual modindices;
  PLOT:

      type = plot3;




*** WARNING in PLOT command
  Note that only the first 8 characters of variable names are used in plots.
  If variable names are not unique within the first 8 characters, problems
  may occur.
*** WARNING in OUTPUT command
  MODINDICES option is not available in conjunction with nonlinear constraints
  through the use of MODEL CONSTRAINT.  Request for MODINDICES is ignored.
   2 WARNING(S) FOUND IN THE INPUT INSTRUCTIONS




CFA for scale Vignette4

SUMMARY OF ANALYSIS

Number of groups                                                 1
Number of observations                                         244

Number of dependent variables                                    4
Number of independent variables                                  0
Number of continuous latent variables                            1

Observed dependent variables

  Continuous
   RAT1        RAT2        RAT3        RAT4

Continuous latent variables
   VIGNETTE


Estimator                                                      MLR
Information matrix                                        OBSERVED
Maximum number of iterations                                  1000
Convergence criterion                                    0.500D-04
Maximum number of steepest descent iterations                   20

Input data file(s)
  CFA_Vignette4_3699cc14f4f096fde8bd45568ce90067.dat

Input data format  FREE


SAMPLE STATISTICS


     SAMPLE STATISTICS


           Means
              RAT1          RAT2          RAT3          RAT4
              ________      ________      ________      ________
                7.566         5.906         5.545         6.779


           Covariances
              RAT1          RAT2          RAT3          RAT4
              ________      ________      ________      ________
 RAT1           2.795
 RAT2           1.877         3.807
 RAT3           2.589         3.551         5.617
 RAT4           2.051         2.229         2.985         3.074


           Correlations
              RAT1          RAT2          RAT3          RAT4
              ________      ________      ________      ________
 RAT1           1.000
 RAT2           0.575         1.000
 RAT3           0.654         0.768         1.000
 RAT4           0.700         0.652         0.718         1.000


UNIVARIATE SAMPLE STATISTICS


     UNIVARIATE HIGHER-ORDER MOMENT DESCRIPTIVE STATISTICS

         Variable/         Mean/     Skewness/   Minimum/ % with                Percentiles
        Sample Size      Variance    Kurtosis    Maximum  Min/Max      20%/60%    40%/80%    Median

     RAT1                  7.566      -0.727       2.000    1.23%       6.000      7.000      8.000
             244.000       2.795       0.686      10.000   12.30%       8.000      9.000
     RAT2                  5.906      -0.414       1.000    2.46%       4.000      6.000      6.000
             244.000       3.807      -0.166      10.000    1.64%       7.000      8.000
     RAT3                  5.545      -0.238       1.000    6.97%       3.000      5.000      6.000
             244.000       5.617      -0.705      10.000    3.69%       6.000      8.000
     RAT4                  6.779      -0.267       1.000    0.41%       5.000      6.000      7.000
             244.000       3.074       0.144      10.000    6.56%       7.000      8.000


THE MODEL ESTIMATION TERMINATED NORMALLY



MODEL FIT INFORMATION

Number of Free Parameters                       12

Loglikelihood

          H0 Value                       -1733.411
          H0 Scaling Correction Factor      1.2326
            for MLR
          H1 Value                       -1722.965
          H1 Scaling Correction Factor      1.1634
            for MLR

Information Criteria

          Akaike (AIC)                    3490.821
          Bayesian (BIC)                  3532.787
          Sample-Size Adjusted BIC        3494.748
            (n* = (n + 2) / 24)

Chi-Square Test of Model Fit

          Value                             27.904*
          Degrees of Freedom                     2
          P-Value                           0.0000
          Scaling Correction Factor         0.7487
            for MLR

*   The chi-square value for MLM, MLMV, MLR, ULSMV, WLSM and WLSMV cannot be used
    for chi-square difference testing in the regular way.  MLM, MLR and WLSM
    chi-square difference testing is described on the Mplus website.  MLMV, WLSMV,
    and ULSMV difference testing is done using the DIFFTEST option.

RMSEA (Root Mean Square Error Of Approximation)

          Estimate                           0.230
          90 Percent C.I.                    0.159  0.310
          Probability RMSEA <= .05           0.000

CFI/TLI

          CFI                                0.939
          TLI                                0.817

Chi-Square Test of Model Fit for the Baseline Model

          Value                            430.323
          Degrees of Freedom                     6
          P-Value                           0.0000

SRMR (Standardized Root Mean Square Residual)

          Value                              0.028



MODEL RESULTS

                                                    Two-Tailed
                    Estimate       S.E.  Est./S.E.    P-Value

 VIGNETTE BY
    RAT1               1.259      0.121     10.431      0.000
    RAT2               1.606      0.112     14.324      0.000
    RAT3               2.122      0.100     21.169      0.000
    RAT4               1.441      0.100     14.399      0.000

 Intercepts
    RAT1               7.566      0.107     70.689      0.000
    RAT2               5.906      0.125     47.282      0.000
    RAT3               5.545      0.152     36.548      0.000
    RAT4               6.779      0.112     60.393      0.000

 Variances
    VIGNETTE4          1.000      0.000    999.000    999.000

 Residual Variances
    RAT1               1.211      0.177      6.844      0.000
    RAT2               1.227      0.194      6.330      0.000
    RAT3               1.115      0.245      4.555      0.000
    RAT4               0.998      0.169      5.894      0.000

New/Additional Parameters
    CM_TRUE           41.310      4.151      9.952      0.000
    CM_ERROR           4.551      0.330     13.796      0.000
    CM_OMEGA           0.901      0.011     79.053      0.000


QUALITY OF NUMERICAL RESULTS

     Condition Number for the Information Matrix              0.350E-03
       (ratio of smallest to largest eigenvalue)


STANDARDIZED MODEL RESULTS


STDYX Standardization

                                                    Two-Tailed
                    Estimate       S.E.  Est./S.E.    P-Value

 VIGNETTE BY
    RAT1               0.753      0.045     16.563      0.000
    RAT2               0.823      0.033     24.742      0.000
    RAT3               0.895      0.024     37.621      0.000
    RAT4               0.822      0.033     24.742      0.000

 Intercepts
    RAT1               4.525      0.272     16.641      0.000
    RAT2               3.027      0.163     18.613      0.000
    RAT3               2.340      0.117     20.028      0.000
    RAT4               3.866      0.203     19.053      0.000

 Variances
    VIGNETTE4          1.000      0.000    999.000    999.000

 Residual Variances
    RAT1               0.433      0.068      6.331      0.000
    RAT2               0.322      0.055      5.883      0.000
    RAT3               0.198      0.043      4.658      0.000
    RAT4               0.325      0.055      5.949      0.000


R-SQUARE

    Observed                                        Two-Tailed
    Variable        Estimate       S.E.  Est./S.E.    P-Value

    RAT1               0.567      0.068      8.282      0.000
    RAT2               0.678      0.055     12.371      0.000
    RAT3               0.802      0.043     18.810      0.000
    RAT4               0.675      0.055     12.371      0.000


RESIDUAL OUTPUT


     ESTIMATED MODEL AND RESIDUALS (OBSERVED - ESTIMATED)


           Model Estimated Means
              RAT1          RAT2          RAT3          RAT4
              ________      ________      ________      ________
                7.566         5.906         5.545         6.779


           Residuals for Means
              RAT1          RAT2          RAT3          RAT4
              ________      ________      ________      ________
                0.000         0.000         0.000         0.000


           Standardized Residuals (z-scores) for Means
              RAT1          RAT2          RAT3          RAT4
              ________      ________      ________      ________
                0.000         0.000         0.000         0.000


           Normalized Residuals for Means
              RAT1          RAT2          RAT3          RAT4
              ________      ________      ________      ________
                0.000         0.000         0.000         0.000


           Model Estimated Covariances
              RAT1          RAT2          RAT3          RAT4
              ________      ________      ________      ________
 RAT1           2.795
 RAT2           2.022         3.807
 RAT3           2.670         3.408         5.617
 RAT4           1.813         2.314         3.057         3.074


           Model Estimated Correlations
              RAT1          RAT2          RAT3          RAT4
              ________      ________      ________      ________
 RAT1           1.000
 RAT2           0.620         1.000
 RAT3           0.674         0.737         1.000
 RAT4           0.619         0.676         0.736         1.000


           Residuals for Covariances
              RAT1          RAT2          RAT3          RAT4
              ________      ________      ________      ________
 RAT1           0.000
 RAT2          -0.144         0.000
 RAT3          -0.081         0.143         0.000
 RAT4           0.238        -0.085        -0.072         0.000


           Residuals for Correlations
              RAT1          RAT2          RAT3          RAT4
              ________      ________      ________      ________
 RAT1           0.000
 RAT2          -0.044         0.000
 RAT3          -0.020         0.031         0.000
 RAT4           0.081        -0.025        -0.017         0.000


           Standardized Residuals (z-scores) for Covariances
              RAT1          RAT2          RAT3          RAT4
              ________      ________      ________      ________
 RAT1           0.000
 RAT2          -1.645         0.000
 RAT3          -2.414       999.000       999.000
 RAT4         999.000        -1.963        -3.937         0.023


           Normalized Residuals for Covariances
              RAT1          RAT2          RAT3          RAT4
              ________      ________      ________      ________
 RAT1           0.000
 RAT2          -0.509         0.000
 RAT3          -0.267         0.406         0.000
 RAT4           0.923        -0.309        -0.251         0.000


SAMPLE STATISTICS FOR ESTIMATED FACTOR SCORES


     SAMPLE STATISTICS


           Means
              VIGNETTE      VIGNETTE
              ________      ________
                0.000         0.308


           Covariances
              VIGNETTE      VIGNETTE
              ________      ________
 VIGNETTE       0.905
 VIGNETTE       0.000         0.000


           Correlations
              VIGNETTE      VIGNETTE
              ________      ________
 VIGNETTE       1.000
 VIGNETTE     999.000         1.000


PLOT INFORMATION

The following plots are available:

  Histograms (sample values, estimated factor scores, estimated values, residuals)
  Scatterplots (sample values, estimated factor scores, estimated values, residuals)
  Latent variable distribution plots

     Beginning Time:  08:07:19
        Ending Time:  08:07:19
       Elapsed Time:  00:00:00



MUTHEN & MUTHEN
3463 Stoner Ave.
Los Angeles, CA  90066

Tel: (310) 391-9971
Fax: (310) 391-8971
Web: www.StatModel.com
Support: Support@StatModel.com

Copyright (c) 1998-2021 Muthen & Muthen
