Mplus VERSION 8.6
MUTHEN & MUTHEN
05/27/2025   8:07 AM

INPUT INSTRUCTIONS

  TITLE:
  CFA for scale Vignette2
  DATA:
  FILE = "CFA_Vignette2_166f9da64b720b869e6549d0302413f9.dat";
   LISTWISE=ON;
  VARIABLE:
  NAMES = rat1 rat2 rat3 rat4;
   MISSING=.;
   usevariables =rat1
  rat2
  rat3
  rat4;
  ANALYSIS:

      type=general;
      estimator = MLR;

  MODEL:
  Vignette2 BY rat1*(p1)
  rat2(p2)
  rat3(p3)
  rat4(p4);

  Vignette2@1

  rat1(e1)
  rat2(e2)
  rat3(e3)
  rat4(e4);
  MODEL CONSTRAINT:
  NEW(CM_True); ! True-Score variance
  CM_True = ((p1 +
  p2 +
  p3 +
  p4)**2)*1.0;

  NEW(CM_Error); ! error variance
  CM_Error = (e1 +
  e2 +
  e3 +
  e4);

  NEW(CM_OMEGA); ! compute OMEGA (true-Score variance / total variance)
  CM_OMEGA = (CM_True)/(CM_True + CM_Error);
  OUTPUT:
  sampstat standardized stdyx residual modindices;
  PLOT:

      type = plot3;




*** WARNING in PLOT command
  Note that only the first 8 characters of variable names are used in plots.
  If variable names are not unique within the first 8 characters, problems
  may occur.
*** WARNING in OUTPUT command
  MODINDICES option is not available in conjunction with nonlinear constraints
  through the use of MODEL CONSTRAINT.  Request for MODINDICES is ignored.
   2 WARNING(S) FOUND IN THE INPUT INSTRUCTIONS




CFA for scale Vignette2

SUMMARY OF ANALYSIS

Number of groups                                                 1
Number of observations                                         244

Number of dependent variables                                    4
Number of independent variables                                  0
Number of continuous latent variables                            1

Observed dependent variables

  Continuous
   RAT1        RAT2        RAT3        RAT4

Continuous latent variables
   VIGNETTE


Estimator                                                      MLR
Information matrix                                        OBSERVED
Maximum number of iterations                                  1000
Convergence criterion                                    0.500D-04
Maximum number of steepest descent iterations                   20

Input data file(s)
  CFA_Vignette2_166f9da64b720b869e6549d0302413f9.dat

Input data format  FREE


SAMPLE STATISTICS


     SAMPLE STATISTICS


           Means
              RAT1          RAT2          RAT3          RAT4
              ________      ________      ________      ________
                5.869         5.172         4.008         5.328


           Covariances
              RAT1          RAT2          RAT3          RAT4
              ________      ________      ________      ________
 RAT1           4.286
 RAT2           2.707         3.995
 RAT3           3.071         3.158         4.631
 RAT4           2.801         2.239         2.710         3.171


           Correlations
              RAT1          RAT2          RAT3          RAT4
              ________      ________      ________      ________
 RAT1           1.000
 RAT2           0.654         1.000
 RAT3           0.689         0.734         1.000
 RAT4           0.760         0.629         0.707         1.000


UNIVARIATE SAMPLE STATISTICS


     UNIVARIATE HIGHER-ORDER MOMENT DESCRIPTIVE STATISTICS

         Variable/         Mean/     Skewness/   Minimum/ % with                Percentiles
        Sample Size      Variance    Kurtosis    Maximum  Min/Max      20%/60%    40%/80%    Median

     RAT1                  5.869      -0.057       1.000    2.05%       4.000      5.000      6.000
             244.000       4.286      -0.406      10.000    4.92%       6.000      8.000
     RAT2                  5.172      -0.148       1.000    4.92%       3.000      5.000      5.000
             244.000       3.995      -0.390      10.000    0.41%       6.000      7.000
     RAT3                  4.008       0.335       1.000   15.57%       2.000      3.000      4.000
             244.000       4.631      -0.730      10.000    0.41%       4.000      6.000
     RAT4                  5.328       0.031       1.000    2.05%       4.000      5.000      5.000
             244.000       3.171       0.043      10.000    1.23%       6.000      7.000


THE MODEL ESTIMATION TERMINATED NORMALLY



MODEL FIT INFORMATION

Number of Free Parameters                       12

Loglikelihood

          H0 Value                       -1759.155
          H0 Scaling Correction Factor      1.0759
            for MLR
          H1 Value                       -1748.446
          H1 Scaling Correction Factor      1.1026
            for MLR

Information Criteria

          Akaike (AIC)                    3542.310
          Bayesian (BIC)                  3584.276
          Sample-Size Adjusted BIC        3546.238
            (n* = (n + 2) / 24)

Chi-Square Test of Model Fit

          Value                             16.955*
          Degrees of Freedom                     2
          P-Value                           0.0002
          Scaling Correction Factor         1.2632
            for MLR

*   The chi-square value for MLM, MLMV, MLR, ULSMV, WLSM and WLSMV cannot be used
    for chi-square difference testing in the regular way.  MLM, MLR and WLSM
    chi-square difference testing is described on the Mplus website.  MLMV, WLSMV,
    and ULSMV difference testing is done using the DIFFTEST option.

RMSEA (Root Mean Square Error Of Approximation)

          Estimate                           0.175
          90 Percent C.I.                    0.105  0.256
          Probability RMSEA <= .05           0.003

CFI/TLI

          CFI                                0.967
          TLI                                0.900

Chi-Square Test of Model Fit for the Baseline Model

          Value                            455.990
          Degrees of Freedom                     6
          P-Value                           0.0000

SRMR (Standardized Root Mean Square Residual)

          Value                              0.025



MODEL RESULTS

                                                    Two-Tailed
                    Estimate       S.E.  Est./S.E.    P-Value

 VIGNETTE BY
    RAT1               1.752      0.105     16.756      0.000
    RAT2               1.587      0.109     14.548      0.000
    RAT3               1.830      0.101     18.059      0.000
    RAT4               1.507      0.099     15.295      0.000

 Intercepts
    RAT1               5.869      0.133     44.281      0.000
    RAT2               5.172      0.128     40.421      0.000
    RAT3               4.008      0.138     29.094      0.000
    RAT4               5.328      0.114     46.734      0.000

 Variances
    VIGNETTE2          1.000      0.000    999.000    999.000

 Residual Variances
    RAT1               1.218      0.197      6.183      0.000
    RAT2               1.475      0.198      7.470      0.000
    RAT3               1.282      0.220      5.824      0.000
    RAT4               0.900      0.120      7.530      0.000

New/Additional Parameters
    CM_TRUE           44.567      3.965     11.242      0.000
    CM_ERROR           4.876      0.338     14.420      0.000
    CM_OMEGA           0.901      0.011     83.823      0.000


QUALITY OF NUMERICAL RESULTS

     Condition Number for the Information Matrix              0.545E-03
       (ratio of smallest to largest eigenvalue)


STANDARDIZED MODEL RESULTS


STDYX Standardization

                                                    Two-Tailed
                    Estimate       S.E.  Est./S.E.    P-Value

 VIGNETTE BY
    RAT1               0.846      0.028     30.123      0.000
    RAT2               0.794      0.033     23.918      0.000
    RAT3               0.850      0.029     29.728      0.000
    RAT4               0.846      0.025     33.710      0.000

 Intercepts
    RAT1               2.835      0.134     21.193      0.000
    RAT2               2.588      0.129     20.016      0.000
    RAT3               1.863      0.078     23.933      0.000
    RAT4               2.992      0.150     19.964      0.000

 Variances
    VIGNETTE2          1.000      0.000    999.000    999.000

 Residual Variances
    RAT1               0.284      0.048      5.982      0.000
    RAT2               0.369      0.053      7.002      0.000
    RAT3               0.277      0.049      5.689      0.000
    RAT4               0.284      0.042      6.682      0.000


R-SQUARE

    Observed                                        Two-Tailed
    Variable        Estimate       S.E.  Est./S.E.    P-Value

    RAT1               0.716      0.048     15.062      0.000
    RAT2               0.631      0.053     11.959      0.000
    RAT3               0.723      0.049     14.864      0.000
    RAT4               0.716      0.042     16.855      0.000


RESIDUAL OUTPUT


     ESTIMATED MODEL AND RESIDUALS (OBSERVED - ESTIMATED)


           Model Estimated Means
              RAT1          RAT2          RAT3          RAT4
              ________      ________      ________      ________
                5.869         5.172         4.008         5.328


           Residuals for Means
              RAT1          RAT2          RAT3          RAT4
              ________      ________      ________      ________
                0.000         0.000         0.000         0.000


           Standardized Residuals (z-scores) for Means
              RAT1          RAT2          RAT3          RAT4
              ________      ________      ________      ________
                0.000         0.000         0.000         0.000


           Normalized Residuals for Means
              RAT1          RAT2          RAT3          RAT4
              ________      ________      ________      ________
                0.000         0.000         0.000         0.000


           Model Estimated Covariances
              RAT1          RAT2          RAT3          RAT4
              ________      ________      ________      ________
 RAT1           4.286
 RAT2           2.780         3.995
 RAT3           3.205         2.905         4.631
 RAT4           2.639         2.392         2.758         3.171


           Model Estimated Correlations
              RAT1          RAT2          RAT3          RAT4
              ________      ________      ________      ________
 RAT1           1.000
 RAT2           0.672         1.000
 RAT3           0.719         0.675         1.000
 RAT4           0.716         0.672         0.720         1.000


           Residuals for Covariances
              RAT1          RAT2          RAT3          RAT4
              ________      ________      ________      ________
 RAT1           0.000
 RAT2          -0.073         0.000
 RAT3          -0.135         0.253         0.000
 RAT4           0.162        -0.153        -0.047         0.000


           Residuals for Correlations
              RAT1          RAT2          RAT3          RAT4
              ________      ________      ________      ________
 RAT1           0.000
 RAT2          -0.018         0.000
 RAT3          -0.030         0.059         0.000
 RAT4           0.044        -0.043        -0.012         0.000


           Standardized Residuals (z-scores) for Covariances
              RAT1          RAT2          RAT3          RAT4
              ________      ________      ________      ________
 RAT1         999.000
 RAT2          -0.678       999.000
 RAT3          -2.090       999.000       999.000
 RAT4         999.000        -1.873        -1.109       999.000


           Normalized Residuals for Covariances
              RAT1          RAT2          RAT3          RAT4
              ________      ________      ________      ________
 RAT1           0.000
 RAT2          -0.239         0.000
 RAT3          -0.466         0.871         0.000
 RAT4           0.579        -0.574        -0.174         0.000


SAMPLE STATISTICS FOR ESTIMATED FACTOR SCORES


     SAMPLE STATISTICS


           Means
              VIGNETTE      VIGNETTE
              ________      ________
                0.000         0.311


           Covariances
              VIGNETTE      VIGNETTE
              ________      ________
 VIGNETTE       0.903
 VIGNETTE       0.000         0.000


           Correlations
              VIGNETTE      VIGNETTE
              ________      ________
 VIGNETTE       1.000
 VIGNETTE     999.000         1.000


PLOT INFORMATION

The following plots are available:

  Histograms (sample values, estimated factor scores, estimated values, residuals)
  Scatterplots (sample values, estimated factor scores, estimated values, residuals)
  Latent variable distribution plots

     Beginning Time:  08:07:15
        Ending Time:  08:07:15
       Elapsed Time:  00:00:00



MUTHEN & MUTHEN
3463 Stoner Ave.
Los Angeles, CA  90066

Tel: (310) 391-9971
Fax: (310) 391-8971
Web: www.StatModel.com
Support: Support@StatModel.com

Copyright (c) 1998-2021 Muthen & Muthen
