Mplus VERSION 8.6
MUTHEN & MUTHEN
06/02/2025   9:22 AM

INPUT INSTRUCTIONS

  TITLE:
  Latent Class Analysis Mean Rating Vignettes c=3
  DATA:
  FILE = "list_lca2_8e91287d8f72d9c9c63c0ebbf1dfd272.dat";

  VARIABLE:
  NAMES = v4 v5 v2 v6 v1 v3;
   MISSING=.;

    usevariables = v1 v2 v3 v4 v5 v6;

    classes      = c(3)
  ANALYSIS:

      Type=mixture; ! LCA analysis
      STARTS= 500 100;
      !LRTstarts=0 0 300 20;

  OUTPUT:
  tech11 tech14;
  SAVEDATA:
  file = lca_3.txt ;
      save = cprob;
      format = free;

  PLOT:

      type = plot3;
      series is v1(1) v2(2) v3(3) v4(4) v5(5) v6(6);




*** WARNING in MODEL command
  All variables are uncorrelated with all other variables within class.
  Check that this is what is intended.
   1 WARNING(S) FOUND IN THE INPUT INSTRUCTIONS




Latent Class Analysis Mean Rating Vignettes c=3

SUMMARY OF ANALYSIS

Number of groups                                                 1
Number of observations                                         298

Number of dependent variables                                    6
Number of independent variables                                  0
Number of continuous latent variables                            0
Number of categorical latent variables                           1

Observed dependent variables

  Continuous
   V1          V2          V3          V4          V5          V6

Categorical latent variables
   C


Estimator                                                      MLR
Information matrix                                        OBSERVED
Optimization Specifications for the Quasi-Newton Algorithm for
Continuous Outcomes
  Maximum number of iterations                                 100
  Convergence criterion                                  0.100D-05
Optimization Specifications for the EM Algorithm
  Maximum number of iterations                                 500
  Convergence criteria
    Loglikelihood change                                 0.100D-06
    Relative loglikelihood change                        0.100D-06
    Derivative                                           0.100D-05
Optimization Specifications for the M step of the EM Algorithm for
Categorical Latent variables
  Number of M step iterations                                    1
  M step convergence criterion                           0.100D-05
  Basis for M step termination                           ITERATION
Optimization Specifications for the M step of the EM Algorithm for
Censored, Binary or Ordered Categorical (Ordinal), Unordered
Categorical (Nominal) and Count Outcomes
  Number of M step iterations                                    1
  M step convergence criterion                           0.100D-05
  Basis for M step termination                           ITERATION
  Maximum value for logit thresholds                            15
  Minimum value for logit thresholds                           -15
  Minimum expected cell size for chi-square              0.100D-01
Maximum number of iterations for H1                           2000
Convergence criterion for H1                             0.100D-03
Optimization algorithm                                         EMA
Random Starts Specifications
  Number of initial stage random starts                        500
  Number of final stage optimizations                          100
  Number of initial stage iterations                            10
  Initial stage convergence criterion                    0.100D+01
  Random starts scale                                    0.500D+01
  Random seed for generating random starts                       0

Input data file(s)
  list_lca2_8e91287d8f72d9c9c63c0ebbf1dfd272.dat
Input data format  FREE


SUMMARY OF DATA

     Number of missing data patterns             1
     Number of y missing data patterns           1
     Number of u missing data patterns           0


COVARIANCE COVERAGE OF DATA

Minimum covariance coverage value   0.100


     PROPORTION OF DATA PRESENT FOR Y


           Covariance Coverage
              V1            V2            V3            V4            V5
              ________      ________      ________      ________      ________
 V1             1.000
 V2             1.000         1.000
 V3             1.000         1.000         1.000
 V4             1.000         1.000         1.000         1.000
 V5             1.000         1.000         1.000         1.000         1.000
 V6             1.000         1.000         1.000         1.000         1.000


           Covariance Coverage
              V6
              ________
 V6             1.000



UNIVARIATE SAMPLE STATISTICS


     UNIVARIATE HIGHER-ORDER MOMENT DESCRIPTIVE STATISTICS

         Variable/         Mean/     Skewness/   Minimum/ % with                Percentiles
        Sample Size      Variance    Kurtosis    Maximum  Min/Max      20%/60%    40%/80%    Median

     V1                    2.549       1.442       1.000   15.44%       1.250      1.750      2.250
             298.000       2.205       2.291       8.750    0.34%       2.500      3.500
     V2                    5.097       0.026       1.000    1.34%       3.500      4.500      5.000
             298.000       3.014      -0.404       9.750    0.34%       5.500      6.750
     V3                    5.399      -0.123       1.000    0.67%       3.750      4.750      5.500
             298.000       3.187      -0.638      10.000    0.34%       6.000      7.000
     V4                    6.438      -0.361       1.250    0.34%       5.000      6.250      6.500
             298.000       2.790      -0.007      10.000    1.01%       7.000      7.750
     V5                    6.648      -0.444       1.750    0.34%       5.500      6.250      6.750
             298.000       2.599      -0.029      10.000    1.34%       7.250      8.000
     V6                    6.791      -0.520       2.000    0.67%       5.750      6.500      7.000
             298.000       2.358       0.058      10.000    1.01%       7.250      8.000

RANDOM STARTS RESULTS RANKED FROM THE BEST TO THE WORST LOGLIKELIHOOD VALUES

Final stage loglikelihood values at local maxima, seeds, and initial stage start numbers:

           -3126.535  529455           268
           -3126.535  217130           443
           -3126.535  76451            211
           -3126.535  488125           368
           -3126.535  375590           438
           -3126.535  849670           347
           -3126.535  714455           476
           -3126.535  717754           180
           -3126.535  749635           420
           -3126.535  22362            365
           -3126.535  569833           85
           -3126.535  278692           342
           -3126.535  318230           46
           -3126.535  407168           44
           -3126.535  871722           355
           -3126.535  168762           200
           -3126.535  253358           2
           -3126.535  193042           316
           -3126.535  263049           454
           -3126.535  370466           41
           -3126.535  73576            213
           -3126.535  93468            3
           -3126.535  496881           192
           -3126.535  407108           366
           -3126.535  922596           456
           -3126.535  605565           404
           -3126.535  188498           258
           -3126.535  545140           278
           -3126.535  483369           270
           -3126.535  85734            411
           -3126.535  570782           193
           -3126.535  475420           71
           -3126.535  267983           228
           -3126.535  376411           473
           -3126.535  220454           288
           -3126.535  132336           362
           -3126.535  226322           478
           -3126.535  283492           435
           -3126.535  79945            395
           -3126.535  891531           206
           -3126.535  836515           341
           -3126.535  850545           357
           -3126.535  900268           327
           -3126.535  479273           156

56 perturbed starting value run(s) did not converge or were rejected in the third stage.



THE BEST LOGLIKELIHOOD VALUE HAS BEEN REPLICATED.  RERUN WITH AT LEAST TWICE THE
RANDOM STARTS TO CHECK THAT THE BEST LOGLIKELIHOOD IS STILL OBTAINED AND REPLICATED.


THE MODEL ESTIMATION TERMINATED NORMALLY



MODEL FIT INFORMATION

Number of Free Parameters                       26

Loglikelihood

          H0 Value                       -3126.535
          H0 Scaling Correction Factor      1.2178
            for MLR

Information Criteria

          Akaike (AIC)                    6305.070
          Bayesian (BIC)                  6401.195
          Sample-Size Adjusted BIC        6318.739
            (n* = (n + 2) / 24)



FINAL CLASS COUNTS AND PROPORTIONS FOR THE LATENT CLASSES
BASED ON THE ESTIMATED MODEL

    Latent
   Classes

       1         47.87217          0.16064
       2        163.61352          0.54904
       3         86.51430          0.29032


FINAL CLASS COUNTS AND PROPORTIONS FOR THE LATENT CLASSES
BASED ON ESTIMATED POSTERIOR PROBABILITIES

    Latent
   Classes

       1         47.87217          0.16064
       2        163.61352          0.54904
       3         86.51430          0.29032


FINAL CLASS COUNTS AND PROPORTIONS FOR THE LATENT CLASSES
BASED ON THEIR MOST LIKELY LATENT CLASS MEMBERSHIP

Class Counts and Proportions

    Latent
   Classes

       1               46          0.15436
       2              167          0.56040
       3               85          0.28523


CLASSIFICATION QUALITY

     Entropy                         0.812


Average Latent Class Probabilities for Most Likely Latent Class Membership (Row)
by Latent Class (Column)

           1        2        3

    1   0.945    0.055    0.000
    2   0.026    0.915    0.059
    3   0.000    0.098    0.902


Classification Probabilities for the Most Likely Latent Class Membership (Column)
by Latent Class (Row)

           1        2        3

    1   0.908    0.092    0.000
    2   0.016    0.933    0.051
    3   0.000    0.114    0.886


Logits for the Classification Probabilities for the Most Likely Latent Class Membership (Column)
by Latent Class (Row)

              1        2        3

    1     13.719   11.434    0.000
    2     -1.184    2.909    0.000
    3    -13.695   -2.053    0.000


MODEL RESULTS

                                                    Two-Tailed
                    Estimate       S.E.  Est./S.E.    P-Value

Latent Class 1

 Means
    V1                 2.031      0.152     13.338      0.000
    V2                 3.684      0.266     13.831      0.000
    V3                 3.433      0.246     13.935      0.000
    V4                 4.304      0.298     14.466      0.000
    V5                 4.193      0.327     12.828      0.000
    V6                 4.571      0.349     13.085      0.000

 Variances
    V1                 2.049      0.235      8.739      0.000
    V2                 2.464      0.176     13.963      0.000
    V3                 1.641      0.148     11.066      0.000
    V4                 1.377      0.139      9.887      0.000
    V5                 0.971      0.102      9.528      0.000
    V6                 1.001      0.112      8.918      0.000

Latent Class 2

 Means
    V1                 2.391      0.137     17.422      0.000
    V2                 5.043      0.198     25.534      0.000
    V3                 5.063      0.235     21.583      0.000
    V4                 6.262      0.203     30.801      0.000
    V5                 6.571      0.188     35.035      0.000
    V6                 6.706      0.181     37.034      0.000

 Variances
    V1                 2.049      0.235      8.739      0.000
    V2                 2.464      0.176     13.963      0.000
    V3                 1.641      0.148     11.066      0.000
    V4                 1.377      0.139      9.887      0.000
    V5                 0.971      0.102      9.528      0.000
    V6                 1.001      0.112      8.918      0.000

Latent Class 3

 Means
    V1                 3.133      0.255     12.268      0.000
    V2                 5.981      0.213     28.042      0.000
    V3                 7.124      0.260     27.421      0.000
    V4                 7.951      0.246     32.337      0.000
    V5                 8.152      0.230     35.448      0.000
    V6                 8.181      0.195     42.007      0.000

 Variances
    V1                 2.049      0.235      8.739      0.000
    V2                 2.464      0.176     13.963      0.000
    V3                 1.641      0.148     11.066      0.000
    V4                 1.377      0.139      9.887      0.000
    V5                 0.971      0.102      9.528      0.000
    V6                 1.001      0.112      8.918      0.000

Categorical Latent Variables

 Means
    C#1               -0.592      0.445     -1.331      0.183
    C#2                0.637      0.317      2.008      0.045


QUALITY OF NUMERICAL RESULTS

     Condition Number for the Information Matrix              0.303E-02
       (ratio of smallest to largest eigenvalue)


TECHNICAL 11 OUTPUT

     Random Starts Specifications for the k-1 Class Analysis Model
        Number of initial stage random starts                 500
        Number of final stage optimizations                   100



     VUONG-LO-MENDELL-RUBIN LIKELIHOOD RATIO TEST FOR 2 (H0) VERSUS 3 CLASSES

          H0 Loglikelihood Value                        -3208.765
          2 Times the Loglikelihood Difference            164.459
          Difference in the Number of Parameters                7
          Mean                                            -31.553
          Standard Deviation                              122.335
          P-Value                                          0.0202

     LO-MENDELL-RUBIN ADJUSTED LRT TEST

          Value                                           160.436
          P-Value                                          0.0216


TECHNICAL 14 OUTPUT

     Random Starts Specifications for the k-1 Class Analysis Model
        Number of initial stage random starts                 500
        Number of final stage optimizations                   100

     Random Starts Specification for the k-1 Class Model for Generated Data
        Number of initial stage random starts                   0
        Number of final stage optimizations for the
           initial stage random starts                          0
     Random Starts Specification for the k Class Model for Generated Data
        Number of initial stage random starts                  40
        Number of final stage optimizations                     8
     Number of bootstrap draws requested                   Varies


     PARAMETRIC BOOTSTRAPPED LIKELIHOOD RATIO TEST FOR 2 (H0) VERSUS 3 CLASSES

          H0 Loglikelihood Value                        -3208.765
          2 Times the Loglikelihood Difference            164.459
          Difference in the Number of Parameters                7
          Approximate P-Value                              0.0000
          Successful Bootstrap Draws                            5


PLOT INFORMATION

The following plots are available:

  Histograms (sample values)
  Scatterplots (sample values)
  Sample means
  Estimated means, medians, modes, and percentiles
  Sample and estimated means
  Observed individual values
  Estimated means and observed individual values
  Estimated overall and class-specific distributions

SAVEDATA INFORMATION


  Save file
    lca_3.txt

  Order of variables

    V1
    V2
    V3
    V4
    V5
    V6
    CPROB1
    CPROB2
    CPROB3
    C

  Save file format           Free

  Save file record length    10000

  Save missing symbol        *


     Beginning Time:  09:22:12
        Ending Time:  09:22:29
       Elapsed Time:  00:00:17



MUTHEN & MUTHEN
3463 Stoner Ave.
Los Angeles, CA  90066

Tel: (310) 391-9971
Fax: (310) 391-8971
Web: www.StatModel.com
Support: Support@StatModel.com

Copyright (c) 1998-2021 Muthen & Muthen
