Mplus VERSION 8.6
MUTHEN & MUTHEN
06/02/2025   9:23 AM

INPUT INSTRUCTIONS

  TITLE:
  Latent Class Analysis Mean Rating Vignettes c=6
  DATA:
  FILE = "list_lca2_8e91287d8f72d9c9c63c0ebbf1dfd272.dat";

  VARIABLE:
  NAMES = v4 v5 v2 v6 v1 v3;
   MISSING=.;

    usevariables = v1 v2 v3 v4 v5 v6;

    classes      = c(6)
  ANALYSIS:

      Type=mixture; ! LCA analysis
      STARTS= 500 100;
      !LRTstarts=0 0 300 20;

  OUTPUT:
  tech11 tech14;
  SAVEDATA:
  file = lca_6.txt ;
      save = cprob;
      format = free;

  PLOT:

      type = plot3;
      series is v1(1) v2(2) v3(3) v4(4) v5(5) v6(6);




*** WARNING in MODEL command
  All variables are uncorrelated with all other variables within class.
  Check that this is what is intended.
   1 WARNING(S) FOUND IN THE INPUT INSTRUCTIONS




Latent Class Analysis Mean Rating Vignettes c=6

SUMMARY OF ANALYSIS

Number of groups                                                 1
Number of observations                                         298

Number of dependent variables                                    6
Number of independent variables                                  0
Number of continuous latent variables                            0
Number of categorical latent variables                           1

Observed dependent variables

  Continuous
   V1          V2          V3          V4          V5          V6

Categorical latent variables
   C


Estimator                                                      MLR
Information matrix                                        OBSERVED
Optimization Specifications for the Quasi-Newton Algorithm for
Continuous Outcomes
  Maximum number of iterations                                 100
  Convergence criterion                                  0.100D-05
Optimization Specifications for the EM Algorithm
  Maximum number of iterations                                 500
  Convergence criteria
    Loglikelihood change                                 0.100D-06
    Relative loglikelihood change                        0.100D-06
    Derivative                                           0.100D-05
Optimization Specifications for the M step of the EM Algorithm for
Categorical Latent variables
  Number of M step iterations                                    1
  M step convergence criterion                           0.100D-05
  Basis for M step termination                           ITERATION
Optimization Specifications for the M step of the EM Algorithm for
Censored, Binary or Ordered Categorical (Ordinal), Unordered
Categorical (Nominal) and Count Outcomes
  Number of M step iterations                                    1
  M step convergence criterion                           0.100D-05
  Basis for M step termination                           ITERATION
  Maximum value for logit thresholds                            15
  Minimum value for logit thresholds                           -15
  Minimum expected cell size for chi-square              0.100D-01
Maximum number of iterations for H1                           2000
Convergence criterion for H1                             0.100D-03
Optimization algorithm                                         EMA
Random Starts Specifications
  Number of initial stage random starts                        500
  Number of final stage optimizations                          100
  Number of initial stage iterations                            10
  Initial stage convergence criterion                    0.100D+01
  Random starts scale                                    0.500D+01
  Random seed for generating random starts                       0

Input data file(s)
  list_lca2_8e91287d8f72d9c9c63c0ebbf1dfd272.dat
Input data format  FREE


SUMMARY OF DATA

     Number of missing data patterns             1
     Number of y missing data patterns           1
     Number of u missing data patterns           0


COVARIANCE COVERAGE OF DATA

Minimum covariance coverage value   0.100


     PROPORTION OF DATA PRESENT FOR Y


           Covariance Coverage
              V1            V2            V3            V4            V5
              ________      ________      ________      ________      ________
 V1             1.000
 V2             1.000         1.000
 V3             1.000         1.000         1.000
 V4             1.000         1.000         1.000         1.000
 V5             1.000         1.000         1.000         1.000         1.000
 V6             1.000         1.000         1.000         1.000         1.000


           Covariance Coverage
              V6
              ________
 V6             1.000



UNIVARIATE SAMPLE STATISTICS


     UNIVARIATE HIGHER-ORDER MOMENT DESCRIPTIVE STATISTICS

         Variable/         Mean/     Skewness/   Minimum/ % with                Percentiles
        Sample Size      Variance    Kurtosis    Maximum  Min/Max      20%/60%    40%/80%    Median

     V1                    2.549       1.442       1.000   15.44%       1.250      1.750      2.250
             298.000       2.205       2.291       8.750    0.34%       2.500      3.500
     V2                    5.097       0.026       1.000    1.34%       3.500      4.500      5.000
             298.000       3.014      -0.404       9.750    0.34%       5.500      6.750
     V3                    5.399      -0.123       1.000    0.67%       3.750      4.750      5.500
             298.000       3.187      -0.638      10.000    0.34%       6.000      7.000
     V4                    6.438      -0.361       1.250    0.34%       5.000      6.250      6.500
             298.000       2.790      -0.007      10.000    1.01%       7.000      7.750
     V5                    6.648      -0.444       1.750    0.34%       5.500      6.250      6.750
             298.000       2.599      -0.029      10.000    1.34%       7.250      8.000
     V6                    6.791      -0.520       2.000    0.67%       5.750      6.500      7.000
             298.000       2.358       0.058      10.000    1.01%       7.250      8.000

RANDOM STARTS RESULTS RANKED FROM THE BEST TO THE WORST LOGLIKELIHOOD VALUES

Final stage loglikelihood values at local maxima, seeds, and initial stage start numbers:

           -3030.044  871851           257
           -3030.044  224950           455
           -3030.044  857799           315
           -3030.044  679832           302
           -3030.044  407168           44
           -3030.044  966014           37
           -3030.044  802256           477
           -3030.044  978781           497
           -3030.044  370466           41
           -3030.044  220454           288
           -3030.044  973369           202
           -3030.044  568859           49
           -3030.044  12477            155
           -3030.044  502532           445
           -3030.044  216565           474
           -3030.044  790452           303
           -3030.044  575700           100
           -3030.044  441191           361
           -3030.044  567165           319
           -3030.044  264081           186
           -3030.044  618760           489
           -3030.461  637345           19
           -3030.461  840031           276
           -3031.697  392407           221
           -3031.697  830529           279
           -3031.697  375590           438
           -3033.646  387701           275
           -3033.646  595153           230
           -3033.646  404426           344
           -3033.646  50887            389
           -3033.646  193042           316
           -3033.646  354624           448
           -3033.646  374219           353
           -3033.646  93468            3
           -3033.646  605565           404
           -3033.646  636396           168
           -3033.646  156536           245
           -3033.646  715561           125
           -3033.646  846194           93
           -3033.646  335485           496
           -3039.499  467339           66
           -3039.499  76337            76
           -3039.499  821011           161
           -3039.499  267983           228
           -3039.715  853195           431
           -3039.715  373505           88
           -3039.715  972873           157

53 perturbed starting value run(s) did not converge or were rejected in the third stage.



THE BEST LOGLIKELIHOOD VALUE HAS BEEN REPLICATED.  RERUN WITH AT LEAST TWICE THE
RANDOM STARTS TO CHECK THAT THE BEST LOGLIKELIHOOD IS STILL OBTAINED AND REPLICATED.


THE MODEL ESTIMATION TERMINATED NORMALLY



MODEL FIT INFORMATION

Number of Free Parameters                       47

Loglikelihood

          H0 Value                       -3030.044
          H0 Scaling Correction Factor      1.1627
            for MLR

Information Criteria

          Akaike (AIC)                    6154.087
          Bayesian (BIC)                  6327.850
          Sample-Size Adjusted BIC        6178.796
            (n* = (n + 2) / 24)



FINAL CLASS COUNTS AND PROPORTIONS FOR THE LATENT CLASSES
BASED ON THE ESTIMATED MODEL

    Latent
   Classes

       1         17.59758          0.05905
       2         20.11962          0.06752
       3         64.76752          0.21734
       4        131.86141          0.44249
       5         41.96406          0.14082
       6         21.68982          0.07278


FINAL CLASS COUNTS AND PROPORTIONS FOR THE LATENT CLASSES
BASED ON ESTIMATED POSTERIOR PROBABILITIES

    Latent
   Classes

       1         17.59758          0.05905
       2         20.11962          0.06752
       3         64.76752          0.21734
       4        131.86141          0.44249
       5         41.96406          0.14082
       6         21.68982          0.07278


FINAL CLASS COUNTS AND PROPORTIONS FOR THE LATENT CLASSES
BASED ON THEIR MOST LIKELY LATENT CLASS MEMBERSHIP

Class Counts and Proportions

    Latent
   Classes

       1               17          0.05705
       2               17          0.05705
       3               66          0.22148
       4              135          0.45302
       5               40          0.13423
       6               23          0.07718


CLASSIFICATION QUALITY

     Entropy                         0.832


Average Latent Class Probabilities for Most Likely Latent Class Membership (Row)
by Latent Class (Column)

           1        2        3        4        5        6

    1   0.976    0.000    0.024    0.000    0.000    0.000
    2   0.012    0.819    0.075    0.095    0.000    0.000
    3   0.012    0.063    0.850    0.073    0.000    0.002
    4   0.000    0.015    0.052    0.889    0.035    0.009
    5   0.000    0.000    0.000    0.087    0.900    0.012
    6   0.000    0.000    0.000    0.083    0.053    0.864


Classification Probabilities for the Most Likely Latent Class Membership (Column)
by Latent Class (Row)

           1        2        3        4        5        6

    1   0.942    0.011    0.046    0.000    0.000    0.000
    2   0.000    0.692    0.205    0.103    0.000    0.000
    3   0.006    0.020    0.866    0.108    0.000    0.000
    4   0.000    0.012    0.037    0.910    0.027    0.014
    5   0.000    0.000    0.000    0.113    0.858    0.029
    6   0.000    0.000    0.007    0.055    0.022    0.916


Logits for the Classification Probabilities for the Most Likely Latent Class Membership (Column)
by Latent Class (Row)

              1        2        3        4        5        6

    1     13.756    9.330   10.742    0.000    0.000    0.000
    2      3.462   13.447   12.233   11.541    2.525    0.000
    3      5.665    6.788   10.574    8.494   -3.098    0.000
    4     -9.581   -0.169    0.929    4.140    0.604    0.000
    5    -10.277  -10.138  -10.277    1.354    3.385    0.000
    6    -13.728  -13.728   -4.904   -2.817   -3.710    0.000


MODEL RESULTS

                                                    Two-Tailed
                    Estimate       S.E.  Est./S.E.    P-Value

Latent Class 1

 Means
    V1                 1.833      0.267      6.877      0.000
    V2                 2.969      0.457      6.499      0.000
    V3                 2.790      0.329      8.491      0.000
    V4                 3.348      0.365      9.169      0.000
    V5                 3.323      0.211     15.755      0.000
    V6                 3.509      0.251     13.955      0.000

 Variances
    V1                 1.145      0.136      8.440      0.000
    V2                 2.176      0.175     12.451      0.000
    V3                 1.478      0.160      9.232      0.000
    V4                 1.143      0.158      7.246      0.000
    V5                 0.812      0.106      7.635      0.000
    V6                 0.716      0.123      5.800      0.000

Latent Class 2

 Means
    V1                 1.414      0.393      3.600      0.000
    V2                 3.287      0.974      3.374      0.001
    V3                 3.435      0.802      4.284      0.000
    V4                 4.714      0.403     11.701      0.000
    V5                 6.093      0.499     12.202      0.000
    V6                 6.900      0.483     14.282      0.000

 Variances
    V1                 1.145      0.136      8.440      0.000
    V2                 2.176      0.175     12.451      0.000
    V3                 1.478      0.160      9.232      0.000
    V4                 1.143      0.158      7.246      0.000
    V5                 0.812      0.106      7.635      0.000
    V6                 0.716      0.123      5.800      0.000

Latent Class 3

 Means
    V1                 2.458      0.257      9.575      0.000
    V2                 4.693      0.258     18.212      0.000
    V3                 4.405      0.260     16.935      0.000
    V4                 5.524      0.315     17.546      0.000
    V5                 5.290      0.400     13.229      0.000
    V6                 5.415      0.306     17.693      0.000

 Variances
    V1                 1.145      0.136      8.440      0.000
    V2                 2.176      0.175     12.451      0.000
    V3                 1.478      0.160      9.232      0.000
    V4                 1.143      0.158      7.246      0.000
    V5                 0.812      0.106      7.635      0.000
    V6                 0.716      0.123      5.800      0.000

Latent Class 4

 Means
    V1                 2.368      0.143     16.591      0.000
    V2                 5.362      0.158     33.899      0.000
    V3                 5.593      0.212     26.443      0.000
    V4                 6.744      0.180     37.559      0.000
    V5                 7.032      0.159     44.285      0.000
    V6                 7.164      0.198     36.124      0.000

 Variances
    V1                 1.145      0.136      8.440      0.000
    V2                 2.176      0.175     12.451      0.000
    V3                 1.478      0.160      9.232      0.000
    V4                 1.143      0.158      7.246      0.000
    V5                 0.812      0.106      7.635      0.000
    V6                 0.716      0.123      5.800      0.000

Latent Class 5

 Means
    V1                 2.267      0.226     10.012      0.000
    V2                 5.744      0.359     15.985      0.000
    V3                 7.388      0.237     31.217      0.000
    V4                 8.463      0.240     35.232      0.000
    V5                 8.661      0.248     34.980      0.000
    V6                 8.645      0.205     42.182      0.000

 Variances
    V1                 1.145      0.136      8.440      0.000
    V2                 2.176      0.175     12.451      0.000
    V3                 1.478      0.160      9.232      0.000
    V4                 1.143      0.158      7.246      0.000
    V5                 0.812      0.106      7.635      0.000
    V6                 0.716      0.123      5.800      0.000

Latent Class 6

 Means
    V1                 6.095      0.508     11.988      0.000
    V2                 6.848      0.309     22.188      0.000
    V3                 7.284      0.229     31.841      0.000
    V4                 7.494      0.283     26.438      0.000
    V5                 7.680      0.247     31.054      0.000
    V6                 7.608      0.241     31.535      0.000

 Variances
    V1                 1.145      0.136      8.440      0.000
    V2                 2.176      0.175     12.451      0.000
    V3                 1.478      0.160      9.232      0.000
    V4                 1.143      0.158      7.246      0.000
    V5                 0.812      0.106      7.635      0.000
    V6                 0.716      0.123      5.800      0.000

Categorical Latent Variables

 Means
    C#1               -0.209      0.405     -0.516      0.606
    C#2               -0.075      0.894     -0.084      0.933
    C#3                1.094      0.462      2.369      0.018
    C#4                1.805      0.330      5.471      0.000
    C#5                0.660      0.415      1.588      0.112


QUALITY OF NUMERICAL RESULTS

     Condition Number for the Information Matrix              0.406E-03
       (ratio of smallest to largest eigenvalue)


TECHNICAL 11 OUTPUT

     Random Starts Specifications for the k-1 Class Analysis Model
        Number of initial stage random starts                 500
        Number of final stage optimizations                   100



     VUONG-LO-MENDELL-RUBIN LIKELIHOOD RATIO TEST FOR 5 (H0) VERSUS 6 CLASSES

          H0 Loglikelihood Value                        -3046.620
          2 Times the Loglikelihood Difference             33.153
          Difference in the Number of Parameters                7
          Mean                                              0.120
          Standard Deviation                               51.900
          P-Value                                          0.1949

     LO-MENDELL-RUBIN ADJUSTED LRT TEST

          Value                                            32.342
          P-Value                                          0.2014


TECHNICAL 14 OUTPUT

     Random Starts Specifications for the k-1 Class Analysis Model
        Number of initial stage random starts                 500
        Number of final stage optimizations                   100

     Random Starts Specification for the k-1 Class Model for Generated Data
        Number of initial stage random starts                   0
        Number of final stage optimizations for the
           initial stage random starts                          0
     Random Starts Specification for the k Class Model for Generated Data
        Number of initial stage random starts                  40
        Number of final stage optimizations                     8
     Number of bootstrap draws requested                   Varies


     PARAMETRIC BOOTSTRAPPED LIKELIHOOD RATIO TEST FOR 5 (H0) VERSUS 6 CLASSES

          H0 Loglikelihood Value                        -3046.620
          2 Times the Loglikelihood Difference             33.153
          Difference in the Number of Parameters                7
          Approximate P-Value                              0.0000
          Successful Bootstrap Draws                           49


PLOT INFORMATION

The following plots are available:

  Histograms (sample values)
  Scatterplots (sample values)
  Sample means
  Estimated means, medians, modes, and percentiles
  Sample and estimated means
  Observed individual values
  Estimated means and observed individual values
  Estimated overall and class-specific distributions

SAVEDATA INFORMATION


  Save file
    lca_6.txt

  Order of variables

    V1
    V2
    V3
    V4
    V5
    V6
    CPROB1
    CPROB2
    CPROB3
    CPROB4
    CPROB5
    CPROB6
    C

  Save file format           Free

  Save file record length    10000

  Save missing symbol        *


     Beginning Time:  09:23:32
        Ending Time:  09:24:50
       Elapsed Time:  00:01:18



MUTHEN & MUTHEN
3463 Stoner Ave.
Los Angeles, CA  90066

Tel: (310) 391-9971
Fax: (310) 391-8971
Web: www.StatModel.com
Support: Support@StatModel.com

Copyright (c) 1998-2021 Muthen & Muthen
