Mplus VERSION 8.6
MUTHEN & MUTHEN
05/27/2025   8:53 AM

INPUT INSTRUCTIONS

  TITLE:
  Latent Class Analysis Mean Rating Vignettes c=4
  DATA:
  FILE = "list_lca2_5c43b7ff20cd09bcea2a55665adb8de4.dat";

  VARIABLE:
  NAMES = v4 v5 v2 v6 v1 v3;
   MISSING=.;

    usevariables = v1 v2 v3 v4 v5 v6;

    classes      = c(4)
  ANALYSIS:

      Type=mixture; ! LCA analysis
      STARTS= 500 100;
      !LRTstarts=0 0 300 20;

  OUTPUT:
  tech11 tech14;
  SAVEDATA:
  file = lca_4.txt ;
      save = cprob;
      format = free;

  PLOT:

      type = plot3;
      series is v1(1) v2(2) v3(3) v4(4) v5(5) v6(6);




*** WARNING in MODEL command
  All variables are uncorrelated with all other variables within class.
  Check that this is what is intended.
   1 WARNING(S) FOUND IN THE INPUT INSTRUCTIONS




Latent Class Analysis Mean Rating Vignettes c=4

SUMMARY OF ANALYSIS

Number of groups                                                 1
Number of observations                                         244

Number of dependent variables                                    6
Number of independent variables                                  0
Number of continuous latent variables                            0
Number of categorical latent variables                           1

Observed dependent variables

  Continuous
   V1          V2          V3          V4          V5          V6

Categorical latent variables
   C


Estimator                                                      MLR
Information matrix                                        OBSERVED
Optimization Specifications for the Quasi-Newton Algorithm for
Continuous Outcomes
  Maximum number of iterations                                 100
  Convergence criterion                                  0.100D-05
Optimization Specifications for the EM Algorithm
  Maximum number of iterations                                 500
  Convergence criteria
    Loglikelihood change                                 0.100D-06
    Relative loglikelihood change                        0.100D-06
    Derivative                                           0.100D-05
Optimization Specifications for the M step of the EM Algorithm for
Categorical Latent variables
  Number of M step iterations                                    1
  M step convergence criterion                           0.100D-05
  Basis for M step termination                           ITERATION
Optimization Specifications for the M step of the EM Algorithm for
Censored, Binary or Ordered Categorical (Ordinal), Unordered
Categorical (Nominal) and Count Outcomes
  Number of M step iterations                                    1
  M step convergence criterion                           0.100D-05
  Basis for M step termination                           ITERATION
  Maximum value for logit thresholds                            15
  Minimum value for logit thresholds                           -15
  Minimum expected cell size for chi-square              0.100D-01
Maximum number of iterations for H1                           2000
Convergence criterion for H1                             0.100D-03
Optimization algorithm                                         EMA
Random Starts Specifications
  Number of initial stage random starts                        500
  Number of final stage optimizations                          100
  Number of initial stage iterations                            10
  Initial stage convergence criterion                    0.100D+01
  Random starts scale                                    0.500D+01
  Random seed for generating random starts                       0

Input data file(s)
  list_lca2_5c43b7ff20cd09bcea2a55665adb8de4.dat
Input data format  FREE


SUMMARY OF DATA

     Number of missing data patterns             1
     Number of y missing data patterns           1
     Number of u missing data patterns           0


COVARIANCE COVERAGE OF DATA

Minimum covariance coverage value   0.100


     PROPORTION OF DATA PRESENT FOR Y


           Covariance Coverage
              V1            V2            V3            V4            V5
              ________      ________      ________      ________      ________
 V1             1.000
 V2             1.000         1.000
 V3             1.000         1.000         1.000
 V4             1.000         1.000         1.000         1.000
 V5             1.000         1.000         1.000         1.000         1.000
 V6             1.000         1.000         1.000         1.000         1.000


           Covariance Coverage
              V6
              ________
 V6             1.000



UNIVARIATE SAMPLE STATISTICS


     UNIVARIATE HIGHER-ORDER MOMENT DESCRIPTIVE STATISTICS

         Variable/         Mean/     Skewness/   Minimum/ % with                Percentiles
        Sample Size      Variance    Kurtosis    Maximum  Min/Max      20%/60%    40%/80%    Median

     V1                    2.583       1.459       1.000   15.16%       1.250      2.000      2.250
             244.000       2.326       2.243       8.750    0.41%       2.500      3.500
     V2                    5.094      -0.019       1.000    1.23%       3.500      4.500      5.000
             244.000       3.091      -0.462       9.750    0.41%       5.500      6.750
     V3                    5.409      -0.124       1.000    0.82%       4.000      4.750      5.500
             244.000       3.277      -0.610      10.000    0.41%       6.000      7.000
     V4                    6.449      -0.335       1.250    0.41%       5.000      6.250      6.500
             244.000       2.866      -0.006      10.000    1.23%       7.000      7.750
     V5                    6.611      -0.354       1.750    0.41%       5.250      6.250      6.500
             244.000       2.675      -0.131      10.000    1.64%       7.000      8.000
     V6                    6.737      -0.492       2.000    0.41%       5.500      6.500      6.750
             244.000       2.359      -0.118      10.000    0.41%       7.250      8.000

RANDOM STARTS RESULTS RANKED FROM THE BEST TO THE WORST LOGLIKELIHOOD VALUES

Final stage loglikelihood values at local maxima, seeds, and initial stage start numbers:

           -2535.634  21132            351
           -2535.634  278692           342
           -2535.634  923437           398
           -2535.634  73576            213
           -2535.634  665121           417
           -2535.634  903420           5
           -2535.634  359578           458
           -2535.634  939709           112
           -2535.634  898745           466
           -2535.634  544048           87
           -2535.634  438144           271
           -2535.634  520177           262
           -2535.634  366533           484
           -2535.634  352277           42
           -2535.634  340112           126
           -2535.634  342019           301
           -2535.634  297518           166
           -2535.634  587946           120
           -2535.634  458181           189
           -2535.634  915107           54
           -2535.634  377504           294
           -2535.634  971853           402
           -2535.634  263049           454
           -2535.634  89970            223
           -2535.634  674171           195
           -2535.634  298275           418
           -2535.634  464179           106
           -2535.634  181293           212
           -2535.634  395754           388
           -2535.634  303634           169
           -2535.634  185071           370
           -2535.634  440841           118
           -2535.634  853195           431
           -2535.634  700349           401
           -2535.634  193042           316
           -2535.634  794236           127
           -2535.634  311214           64
           -2535.634  227563           63
           -2535.634  888905           444
           -2535.634  292884           103
           -2535.634  416463           467

59 perturbed starting value run(s) did not converge or were rejected in the third stage.



THE BEST LOGLIKELIHOOD VALUE HAS BEEN REPLICATED.  RERUN WITH AT LEAST TWICE THE
RANDOM STARTS TO CHECK THAT THE BEST LOGLIKELIHOOD IS STILL OBTAINED AND REPLICATED.


THE MODEL ESTIMATION TERMINATED NORMALLY



MODEL FIT INFORMATION

Number of Free Parameters                       33

Loglikelihood

          H0 Value                       -2535.634
          H0 Scaling Correction Factor      1.1132
            for MLR

Information Criteria

          Akaike (AIC)                    5137.268
          Bayesian (BIC)                  5252.675
          Sample-Size Adjusted BIC        5148.068
            (n* = (n + 2) / 24)



FINAL CLASS COUNTS AND PROPORTIONS FOR THE LATENT CLASSES
BASED ON THE ESTIMATED MODEL

    Latent
   Classes

       1         35.18759          0.14421
       2         18.51634          0.07589
       3         52.92686          0.21691
       4        137.36921          0.56299


FINAL CLASS COUNTS AND PROPORTIONS FOR THE LATENT CLASSES
BASED ON ESTIMATED POSTERIOR PROBABILITIES

    Latent
   Classes

       1         35.18759          0.14421
       2         18.51634          0.07589
       3         52.92686          0.21691
       4        137.36921          0.56299


FINAL CLASS COUNTS AND PROPORTIONS FOR THE LATENT CLASSES
BASED ON THEIR MOST LIKELY LATENT CLASS MEMBERSHIP

Class Counts and Proportions

    Latent
   Classes

       1               36          0.14754
       2               18          0.07377
       3               52          0.21311
       4              138          0.56557


CLASSIFICATION QUALITY

     Entropy                         0.859


Average Latent Class Probabilities for Most Likely Latent Class Membership (Row)
by Latent Class (Column)

           1        2        3        4

    1   0.917    0.000    0.000    0.083
    2   0.000    0.926    0.059    0.015
    3   0.000    0.017    0.887    0.096
    4   0.016    0.007    0.042    0.935


Classification Probabilities for the Most Likely Latent Class Membership (Column)
by Latent Class (Row)

           1        2        3        4

    1   0.938    0.000    0.000    0.062
    2   0.000    0.900    0.047    0.054
    3   0.000    0.020    0.871    0.108
    4   0.022    0.002    0.037    0.940


Logits for the Classification Probabilities for the Most Likely Latent Class Membership (Column)
by Latent Class (Row)

              1        2        3        4

    1      2.719  -11.033  -11.033    0.000
    2    -10.889    2.820   -0.140    0.000
    3    -11.594   -1.684    2.083    0.000
    4     -3.765   -6.158   -3.248    0.000


MODEL RESULTS

                                                    Two-Tailed
                    Estimate       S.E.  Est./S.E.    P-Value

Latent Class 1

 Means
    V1                 2.008      0.186     10.771      0.000
    V2                 3.582      0.303     11.807      0.000
    V3                 3.350      0.293     11.432      0.000
    V4                 4.162      0.317     13.146      0.000
    V5                 4.068      0.312     13.027      0.000
    V6                 4.372      0.368     11.892      0.000

 Variances
    V1                 1.224      0.158      7.749      0.000
    V2                 2.383      0.188     12.677      0.000
    V3                 1.706      0.156     10.934      0.000
    V4                 1.395      0.158      8.828      0.000
    V5                 0.997      0.116      8.624      0.000
    V6                 0.956      0.132      7.250      0.000

Latent Class 2

 Means
    V1                 6.225      0.465     13.376      0.000
    V2                 7.020      0.322     21.820      0.000
    V3                 7.395      0.247     29.958      0.000
    V4                 7.517      0.307     24.469      0.000
    V5                 7.716      0.265     29.115      0.000
    V6                 7.563      0.261     28.969      0.000

 Variances
    V1                 1.224      0.158      7.749      0.000
    V2                 2.383      0.188     12.677      0.000
    V3                 1.706      0.156     10.934      0.000
    V4                 1.395      0.158      8.828      0.000
    V5                 0.997      0.116      8.624      0.000
    V6                 0.956      0.132      7.250      0.000

Latent Class 3

 Means
    V1                 2.307      0.183     12.598      0.000
    V2                 5.735      0.274     20.901      0.000
    V3                 7.048      0.357     19.756      0.000
    V4                 8.122      0.367     22.128      0.000
    V5                 8.327      0.331     25.183      0.000
    V6                 8.311      0.214     38.838      0.000

 Variances
    V1                 1.224      0.158      7.749      0.000
    V2                 2.383      0.188     12.677      0.000
    V3                 1.706      0.156     10.934      0.000
    V4                 1.395      0.158      8.828      0.000
    V5                 0.997      0.116      8.624      0.000
    V6                 0.956      0.132      7.250      0.000

Latent Class 4

 Means
    V1                 2.346      0.117     20.076      0.000
    V2                 4.975      0.187     26.581      0.000
    V3                 5.037      0.211     23.927      0.000
    V4                 6.246      0.199     31.362      0.000
    V5                 6.452      0.193     33.401      0.000
    V6                 6.624      0.201     32.994      0.000

 Variances
    V1                 1.224      0.158      7.749      0.000
    V2                 2.383      0.188     12.677      0.000
    V3                 1.706      0.156     10.934      0.000
    V4                 1.395      0.158      8.828      0.000
    V5                 0.997      0.116      8.624      0.000
    V6                 0.956      0.132      7.250      0.000

Categorical Latent Variables

 Means
    C#1               -1.362      0.275     -4.960      0.000
    C#2               -2.004      0.309     -6.490      0.000
    C#3               -0.954      0.387     -2.463      0.014


QUALITY OF NUMERICAL RESULTS

     Condition Number for the Information Matrix              0.415E-02
       (ratio of smallest to largest eigenvalue)


TECHNICAL 11 OUTPUT

     Random Starts Specifications for the k-1 Class Analysis Model
        Number of initial stage random starts                 500
        Number of final stage optimizations                   100



     VUONG-LO-MENDELL-RUBIN LIKELIHOOD RATIO TEST FOR 3 (H0) VERSUS 4 CLASSES

          H0 Loglikelihood Value                        -2573.267
          2 Times the Loglikelihood Difference             75.266
          Difference in the Number of Parameters                7
          Mean                                             13.753
          Standard Deviation                               25.758
          P-Value                                          0.0254

     LO-MENDELL-RUBIN ADJUSTED LRT TEST

          Value                                            73.359
          P-Value                                          0.0275


TECHNICAL 14 OUTPUT

     Random Starts Specifications for the k-1 Class Analysis Model
        Number of initial stage random starts                 500
        Number of final stage optimizations                   100

     Random Starts Specification for the k-1 Class Model for Generated Data
        Number of initial stage random starts                   0
        Number of final stage optimizations for the
           initial stage random starts                          0
     Random Starts Specification for the k Class Model for Generated Data
        Number of initial stage random starts                  40
        Number of final stage optimizations                     8
     Number of bootstrap draws requested                   Varies


     PARAMETRIC BOOTSTRAPPED LIKELIHOOD RATIO TEST FOR 3 (H0) VERSUS 4 CLASSES

          H0 Loglikelihood Value                        -2573.267
          2 Times the Loglikelihood Difference             75.266
          Difference in the Number of Parameters                7
          Approximate P-Value                              0.0000
          Successful Bootstrap Draws                            5


PLOT INFORMATION

The following plots are available:

  Histograms (sample values)
  Scatterplots (sample values)
  Sample means
  Estimated means, medians, modes, and percentiles
  Sample and estimated means
  Observed individual values
  Estimated means and observed individual values
  Estimated overall and class-specific distributions

SAVEDATA INFORMATION


  Save file
    lca_4.txt

  Order of variables

    V1
    V2
    V3
    V4
    V5
    V6
    CPROB1
    CPROB2
    CPROB3
    CPROB4
    C

  Save file format           Free

  Save file record length    10000

  Save missing symbol        *


     Beginning Time:  08:53:56
        Ending Time:  08:54:21
       Elapsed Time:  00:00:25



MUTHEN & MUTHEN
3463 Stoner Ave.
Los Angeles, CA  90066

Tel: (310) 391-9971
Fax: (310) 391-8971
Web: www.StatModel.com
Support: Support@StatModel.com

Copyright (c) 1998-2021 Muthen & Muthen
