Mplus VERSION 8.6
MUTHEN & MUTHEN
05/27/2025   8:07 AM

INPUT INSTRUCTIONS

  TITLE:
  CFA for scale Vignette1
  DATA:
  FILE = "CFA_Vignette1_58799c831f6b95701fa66a5ecbee891a.dat";
   LISTWISE=ON;
  VARIABLE:
  NAMES = rat1 rat2 rat3 rat4;
   MISSING=.;
   usevariables =rat1
  rat2
  rat3
  rat4;
  ANALYSIS:

      type=general;
      estimator = MLR;

  MODEL:
  Vignette1 BY rat1*(p1)
  rat2(p2)
  rat3(p3)
  rat4(p4);

  Vignette1@1

  rat1(e1)
  rat2(e2)
  rat3(e3)
  rat4(e4);
  MODEL CONSTRAINT:
  NEW(CM_True); ! True-Score variance
  CM_True = ((p1 +
  p2 +
  p3 +
  p4)**2)*1.0;

  NEW(CM_Error); ! error variance
  CM_Error = (e1 +
  e2 +
  e3 +
  e4);

  NEW(CM_OMEGA); ! compute OMEGA (true-Score variance / total variance)
  CM_OMEGA = (CM_True)/(CM_True + CM_Error);
  OUTPUT:
  sampstat standardized stdyx residual modindices;
  PLOT:

      type = plot3;




*** WARNING in PLOT command
  Note that only the first 8 characters of variable names are used in plots.
  If variable names are not unique within the first 8 characters, problems
  may occur.
*** WARNING in OUTPUT command
  MODINDICES option is not available in conjunction with nonlinear constraints
  through the use of MODEL CONSTRAINT.  Request for MODINDICES is ignored.
   2 WARNING(S) FOUND IN THE INPUT INSTRUCTIONS




CFA for scale Vignette1

SUMMARY OF ANALYSIS

Number of groups                                                 1
Number of observations                                         244

Number of dependent variables                                    4
Number of independent variables                                  0
Number of continuous latent variables                            1

Observed dependent variables

  Continuous
   RAT1        RAT2        RAT3        RAT4

Continuous latent variables
   VIGNETTE


Estimator                                                      MLR
Information matrix                                        OBSERVED
Maximum number of iterations                                  1000
Convergence criterion                                    0.500D-04
Maximum number of steepest descent iterations                   20

Input data file(s)
  CFA_Vignette1_58799c831f6b95701fa66a5ecbee891a.dat

Input data format  FREE


SAMPLE STATISTICS


     SAMPLE STATISTICS


           Means
              RAT1          RAT2          RAT3          RAT4
              ________      ________      ________      ________
                2.643         3.016         1.857         2.816


           Covariances
              RAT1          RAT2          RAT3          RAT4
              ________      ________      ________      ________
 RAT1           3.574
 RAT2           2.465         4.016
 RAT3           2.150         1.855         2.377
 RAT4           2.160         1.950         1.703         2.691


           Correlations
              RAT1          RAT2          RAT3          RAT4
              ________      ________      ________      ________
 RAT1           1.000
 RAT2           0.651         1.000
 RAT3           0.738         0.600         1.000
 RAT4           0.696         0.593         0.673         1.000


UNIVARIATE SAMPLE STATISTICS


     UNIVARIATE HIGHER-ORDER MOMENT DESCRIPTIVE STATISTICS

         Variable/         Mean/     Skewness/   Minimum/ % with                Percentiles
        Sample Size      Variance    Kurtosis    Maximum  Min/Max      20%/60%    40%/80%    Median

     RAT1                  2.643       1.335       1.000   36.07%       1.000      2.000      2.000
             244.000       3.574       1.217       9.000    1.23%       3.000      4.000
     RAT2                  3.016       0.919       1.000   29.10%       1.000      2.000      2.000
             244.000       4.016       0.018       9.000    1.23%       3.000      5.000
     RAT3                  1.857       2.556       1.000   60.66%       1.000      1.000      1.000
             244.000       2.377       7.002      10.000    0.41%       1.000      2.000
     RAT4                  2.816       1.077       1.000   24.18%       1.000      2.000      3.000
             244.000       2.691       1.247       9.000    0.82%       3.000      4.000


THE MODEL ESTIMATION TERMINATED NORMALLY



MODEL FIT INFORMATION

Number of Free Parameters                       12

Loglikelihood

          H0 Value                       -1667.022
          H0 Scaling Correction Factor      2.1035
            for MLR
          H1 Value                       -1666.697
          H1 Scaling Correction Factor      1.9514
            for MLR

Information Criteria

          Akaike (AIC)                    3358.043
          Bayesian (BIC)                  3400.009
          Sample-Size Adjusted BIC        3361.970
            (n* = (n + 2) / 24)

Chi-Square Test of Model Fit

          Value                              0.625*
          Degrees of Freedom                     2
          P-Value                           0.7316
          Scaling Correction Factor         1.0389
            for MLR

*   The chi-square value for MLM, MLMV, MLR, ULSMV, WLSM and WLSMV cannot be used
    for chi-square difference testing in the regular way.  MLM, MLR and WLSM
    chi-square difference testing is described on the Mplus website.  MLMV, WLSMV,
    and ULSMV difference testing is done using the DIFFTEST option.

RMSEA (Root Mean Square Error Of Approximation)

          Estimate                           0.000
          90 Percent C.I.                    0.000  0.090
          Probability RMSEA <= .05           0.841

CFI/TLI

          CFI                                1.000
          TLI                                1.000

Chi-Square Test of Model Fit for the Baseline Model

          Value                            221.919
          Degrees of Freedom                     6
          P-Value                           0.0000

SRMR (Standardized Root Mean Square Residual)

          Value                              0.005



MODEL RESULTS

                                                    Two-Tailed
                    Estimate       S.E.  Est./S.E.    P-Value

 VIGNETTE BY
    RAT1               1.663      0.111     14.982      0.000
    RAT2               1.470      0.120     12.228      0.000
    RAT3               1.289      0.145      8.907      0.000
    RAT4               1.311      0.125     10.488      0.000

 Intercepts
    RAT1               2.643      0.121     21.843      0.000
    RAT2               3.016      0.128     23.511      0.000
    RAT3               1.857      0.099     18.810      0.000
    RAT4               2.816      0.105     26.809      0.000

 Variances
    VIGNETTE1          1.000      0.000    999.000    999.000

 Residual Variances
    RAT1               0.808      0.276      2.932      0.003
    RAT2               1.855      0.327      5.675      0.000
    RAT3               0.716      0.213      3.356      0.001
    RAT4               0.973      0.115      8.446      0.000

New/Additional Parameters
    CM_TRUE           32.866      4.914      6.688      0.000
    CM_ERROR           4.352      0.465      9.364      0.000
    CM_OMEGA           0.883      0.019     45.426      0.000


QUALITY OF NUMERICAL RESULTS

     Condition Number for the Information Matrix              0.197E-02
       (ratio of smallest to largest eigenvalue)


STANDARDIZED MODEL RESULTS


STDYX Standardization

                                                    Two-Tailed
                    Estimate       S.E.  Est./S.E.    P-Value

 VIGNETTE BY
    RAT1               0.880      0.039     22.550      0.000
    RAT2               0.734      0.049     15.091      0.000
    RAT3               0.836      0.043     19.229      0.000
    RAT4               0.799      0.037     21.719      0.000

 Intercepts
    RAT1               1.398      0.054     26.003      0.000
    RAT2               1.505      0.056     26.965      0.000
    RAT3               1.204      0.070     17.274      0.000
    RAT4               1.716      0.080     21.580      0.000

 Variances
    VIGNETTE1          1.000      0.000    999.000    999.000

 Residual Variances
    RAT1               0.226      0.069      3.295      0.001
    RAT2               0.462      0.071      6.475      0.000
    RAT3               0.301      0.073      4.145      0.000
    RAT4               0.361      0.059      6.146      0.000


R-SQUARE

    Observed                                        Two-Tailed
    Variable        Estimate       S.E.  Est./S.E.    P-Value

    RAT1               0.774      0.069     11.275      0.000
    RAT2               0.538      0.071      7.545      0.000
    RAT3               0.699      0.073      9.615      0.000
    RAT4               0.639      0.059     10.859      0.000


RESIDUAL OUTPUT


     ESTIMATED MODEL AND RESIDUALS (OBSERVED - ESTIMATED)


           Model Estimated Means
              RAT1          RAT2          RAT3          RAT4
              ________      ________      ________      ________
                2.643         3.016         1.857         2.816


           Residuals for Means
              RAT1          RAT2          RAT3          RAT4
              ________      ________      ________      ________
                0.000         0.000         0.000         0.000


           Standardized Residuals (z-scores) for Means
              RAT1          RAT2          RAT3          RAT4
              ________      ________      ________      ________
                0.000         0.000         0.000         0.000


           Normalized Residuals for Means
              RAT1          RAT2          RAT3          RAT4
              ________      ________      ________      ________
                0.000         0.000         0.000         0.000


           Model Estimated Covariances
              RAT1          RAT2          RAT3          RAT4
              ________      ________      ________      ________
 RAT1           3.574
 RAT2           2.445         4.016
 RAT3           2.143         1.895         2.377
 RAT4           2.180         1.927         1.690         2.691


           Model Estimated Correlations
              RAT1          RAT2          RAT3          RAT4
              ________      ________      ________      ________
 RAT1           1.000
 RAT2           0.645         1.000
 RAT3           0.735         0.613         1.000
 RAT4           0.703         0.586         0.668         1.000


           Residuals for Covariances
              RAT1          RAT2          RAT3          RAT4
              ________      ________      ________      ________
 RAT1           0.000
 RAT2           0.020         0.000
 RAT3           0.006        -0.040         0.000
 RAT4          -0.020         0.022         0.014         0.000


           Residuals for Correlations
              RAT1          RAT2          RAT3          RAT4
              ________      ________      ________      ________
 RAT1           0.000
 RAT2           0.005         0.000
 RAT3           0.002        -0.013         0.000
 RAT4          -0.007         0.007         0.005         0.000


           Standardized Residuals (z-scores) for Covariances
              RAT1          RAT2          RAT3          RAT4
              ________      ________      ________      ________
 RAT1           0.013
 RAT2           0.228         0.022
 RAT3         999.000       999.000         0.011
 RAT4         999.000         0.374         0.351       999.000


           Normalized Residuals for Covariances
              RAT1          RAT2          RAT3          RAT4
              ________      ________      ________      ________
 RAT1           0.000
 RAT2           0.059         0.000
 RAT3           0.018        -0.125         0.000
 RAT4          -0.063         0.072         0.041         0.000


SAMPLE STATISTICS FOR ESTIMATED FACTOR SCORES


     SAMPLE STATISTICS


           Means
              VIGNETTE      VIGNETTE
              ________      ________
                0.000         0.322


           Covariances
              VIGNETTE      VIGNETTE
              ________      ________
 VIGNETTE       0.897
 VIGNETTE       0.000         0.000


           Correlations
              VIGNETTE      VIGNETTE
              ________      ________
 VIGNETTE       1.000
 VIGNETTE     999.000         1.000


PLOT INFORMATION

The following plots are available:

  Histograms (sample values, estimated factor scores, estimated values, residuals)
  Scatterplots (sample values, estimated factor scores, estimated values, residuals)
  Latent variable distribution plots

     Beginning Time:  08:07:13
        Ending Time:  08:07:13
       Elapsed Time:  00:00:00



MUTHEN & MUTHEN
3463 Stoner Ave.
Los Angeles, CA  90066

Tel: (310) 391-9971
Fax: (310) 391-8971
Web: www.StatModel.com
Support: Support@StatModel.com

Copyright (c) 1998-2021 Muthen & Muthen
