Mplus VERSION 8.6
MUTHEN & MUTHEN
06/24/2025   1:55 PM

INPUT INSTRUCTIONS

  TITLE:
  CFA for scale Vignette6
  DATA:
  FILE = "CFA_Vignette6_50783a2ed45be9b0103e73dcff7860e8.dat";
   LISTWISE=ON;
  VARIABLE:
  NAMES = rat1 rat2 rat3 rat4;
   MISSING=.;
   usevariables =rat1
  rat2
  rat3
  rat4;
  ANALYSIS:

      type=general;
      estimator = MLR;

  MODEL:
  Vignette6 BY rat1*(p1)
  rat2(p2)
  rat3(p3)
  rat4(p4);

  Vignette6@1

  rat1(e1)
  rat2(e2)
  rat3(e3)
  rat4(e4);
  MODEL CONSTRAINT:
  NEW(CM_True); ! True-Score variance
  CM_True = ((p1 +
  p2 +
  p3 +
  p4)**2)*1.0;

  NEW(CM_Error); ! error variance
  CM_Error = (e1 +
  e2 +
  e3 +
  e4);

  NEW(CM_OMEGA); ! compute OMEGA (true-Score variance / total variance)
  CM_OMEGA = (CM_True)/(CM_True + CM_Error);
  OUTPUT:
  sampstat standardized stdyx residual modindices;
  PLOT:

      type = plot3;




*** WARNING in PLOT command
  Note that only the first 8 characters of variable names are used in plots.
  If variable names are not unique within the first 8 characters, problems
  may occur.
*** WARNING in OUTPUT command
  MODINDICES option is not available in conjunction with nonlinear constraints
  through the use of MODEL CONSTRAINT.  Request for MODINDICES is ignored.
   2 WARNING(S) FOUND IN THE INPUT INSTRUCTIONS




CFA for scale Vignette6

SUMMARY OF ANALYSIS

Number of groups                                                 1
Number of observations                                         298

Number of dependent variables                                    4
Number of independent variables                                  0
Number of continuous latent variables                            1

Observed dependent variables

  Continuous
   RAT1        RAT2        RAT3        RAT4

Continuous latent variables
   VIGNETTE


Estimator                                                      MLR
Information matrix                                        OBSERVED
Maximum number of iterations                                  1000
Convergence criterion                                    0.500D-04
Maximum number of steepest descent iterations                   20

Input data file(s)
  CFA_Vignette6_50783a2ed45be9b0103e73dcff7860e8.dat

Input data format  FREE


SAMPLE STATISTICS


     SAMPLE STATISTICS


           Means
              RAT1          RAT2          RAT3          RAT4
              ________      ________      ________      ________
                7.832         6.252         5.977         7.104


           Covariances
              RAT1          RAT2          RAT3          RAT4
              ________      ________      ________      ________
 RAT1           2.509
 RAT2           1.478         3.880
 RAT3           1.963         2.989         4.694
 RAT4           1.507         1.840         2.291         2.516


           Correlations
              RAT1          RAT2          RAT3          RAT4
              ________      ________      ________      ________
 RAT1           1.000
 RAT2           0.474         1.000
 RAT3           0.572         0.700         1.000
 RAT4           0.600         0.589         0.667         1.000


UNIVARIATE SAMPLE STATISTICS


     UNIVARIATE HIGHER-ORDER MOMENT DESCRIPTIVE STATISTICS

         Variable/         Mean/     Skewness/   Minimum/ % with                Percentiles
        Sample Size      Variance    Kurtosis    Maximum  Min/Max      20%/60%    40%/80%    Median

     RAT1                  7.832      -0.787       1.000    0.34%       7.000      8.000      8.000
             298.000       2.509       0.905      10.000   15.44%       8.000      9.000
     RAT2                  6.252      -0.421       1.000    2.01%       5.000      6.000      6.000
             298.000       3.880      -0.192      10.000    2.35%       7.000      8.000
     RAT3                  5.977      -0.568       1.000    5.37%       4.000      6.000      6.000
             298.000       4.694      -0.177      10.000    2.68%       7.000      8.000
     RAT4                  7.104      -0.398       1.000    0.34%       6.000      7.000      7.000
             298.000       2.516       0.410      10.000    5.70%       8.000      8.000


THE MODEL ESTIMATION TERMINATED NORMALLY



MODEL FIT INFORMATION

Number of Free Parameters                       12

Loglikelihood

          H0 Value                       -2129.342
          H0 Scaling Correction Factor      1.2871
            for MLR
          H1 Value                       -2122.432
          H1 Scaling Correction Factor      1.2821
            for MLR

Information Criteria

          Akaike (AIC)                    4282.683
          Bayesian (BIC)                  4327.048
          Sample-Size Adjusted BIC        4288.992
            (n* = (n + 2) / 24)

Chi-Square Test of Model Fit

          Value                             11.035*
          Degrees of Freedom                     2
          P-Value                           0.0040
          Scaling Correction Factor         1.2522
            for MLR

*   The chi-square value for MLM, MLMV, MLR, ULSMV, WLSM and WLSMV cannot be used
    for chi-square difference testing in the regular way.  MLM, MLR and WLSM
    chi-square difference testing is described on the Mplus website.  MLMV, WLSMV,
    and ULSMV difference testing is done using the DIFFTEST option.

RMSEA (Root Mean Square Error Of Approximation)

          Estimate                           0.123
          90 Percent C.I.                    0.059  0.198
          Probability RMSEA <= .05           0.032

CFI/TLI

          CFI                                0.974
          TLI                                0.921

Chi-Square Test of Model Fit for the Baseline Model

          Value                            349.329
          Degrees of Freedom                     6
          P-Value                           0.0000

SRMR (Standardized Root Mean Square Residual)

          Value                              0.025



MODEL RESULTS

                                                    Two-Tailed
                    Estimate       S.E.  Est./S.E.    P-Value

 VIGNETTE BY
    RAT1               1.067      0.112      9.555      0.000
    RAT2               1.525      0.115     13.212      0.000
    RAT3               1.888      0.106     17.791      0.000
    RAT4               1.242      0.076     16.307      0.000

 Intercepts
    RAT1               7.832      0.092     85.362      0.000
    RAT2               6.252      0.114     54.791      0.000
    RAT3               5.977      0.126     47.619      0.000
    RAT4               7.104      0.092     77.313      0.000

 Variances
    VIGNETTE6          1.000      0.000    999.000    999.000

 Residual Variances
    RAT1               1.370      0.183      7.485      0.000
    RAT2               1.554      0.209      7.447      0.000
    RAT3               1.130      0.232      4.862      0.000
    RAT4               0.974      0.151      6.464      0.000

New/Additional Parameters
    CM_TRUE           32.736      3.132     10.452      0.000
    CM_ERROR           5.029      0.332     15.155      0.000
    CM_OMEGA           0.867      0.014     62.524      0.000


QUALITY OF NUMERICAL RESULTS

     Condition Number for the Information Matrix              0.276E-03
       (ratio of smallest to largest eigenvalue)


STANDARDIZED MODEL RESULTS


STDYX Standardization

                                                    Two-Tailed
                    Estimate       S.E.  Est./S.E.    P-Value

 VIGNETTE BY
    RAT1               0.674      0.052     12.929      0.000
    RAT2               0.774      0.039     20.046      0.000
    RAT3               0.871      0.029     30.386      0.000
    RAT4               0.783      0.032     24.680      0.000

 Intercepts
    RAT1               4.945      0.276     17.936      0.000
    RAT2               3.174      0.152     20.873      0.000
    RAT3               2.758      0.142     19.386      0.000
    RAT4               4.479      0.223     20.050      0.000

 Variances
    VIGNETTE6          1.000      0.000    999.000    999.000

 Residual Variances
    RAT1               0.546      0.070      7.779      0.000
    RAT2               0.401      0.060      6.700      0.000
    RAT3               0.241      0.050      4.818      0.000
    RAT4               0.387      0.050      7.794      0.000


R-SQUARE

    Observed                                        Two-Tailed
    Variable        Estimate       S.E.  Est./S.E.    P-Value

    RAT1               0.454      0.070      6.465      0.000
    RAT2               0.599      0.060     10.023      0.000
    RAT3               0.759      0.050     15.193      0.000
    RAT4               0.613      0.050     12.340      0.000


RESIDUAL OUTPUT


     ESTIMATED MODEL AND RESIDUALS (OBSERVED - ESTIMATED)


           Model Estimated Means
              RAT1          RAT2          RAT3          RAT4
              ________      ________      ________      ________
                7.832         6.252         5.977         7.104


           Residuals for Means
              RAT1          RAT2          RAT3          RAT4
              ________      ________      ________      ________
                0.000         0.000         0.000         0.000


           Standardized Residuals (z-scores) for Means
              RAT1          RAT2          RAT3          RAT4
              ________      ________      ________      ________
                0.000         0.000         0.000         0.000


           Normalized Residuals for Means
              RAT1          RAT2          RAT3          RAT4
              ________      ________      ________      ________
                0.000         0.000         0.000         0.000


           Model Estimated Covariances
              RAT1          RAT2          RAT3          RAT4
              ________      ________      ________      ________
 RAT1           2.509
 RAT2           1.627         3.880
 RAT3           2.014         2.879         4.694
 RAT4           1.325         1.894         2.344         2.516


           Model Estimated Correlations
              RAT1          RAT2          RAT3          RAT4
              ________      ________      ________      ________
 RAT1           1.000
 RAT2           0.522         1.000
 RAT3           0.587         0.675         1.000
 RAT4           0.527         0.606         0.682         1.000


           Residuals for Covariances
              RAT1          RAT2          RAT3          RAT4
              ________      ________      ________      ________
 RAT1           0.000
 RAT2          -0.149         0.000
 RAT3          -0.052         0.110         0.000
 RAT4           0.182        -0.054        -0.053         0.000


           Residuals for Correlations
              RAT1          RAT2          RAT3          RAT4
              ________      ________      ________      ________
 RAT1           0.000
 RAT2          -0.048         0.000
 RAT3          -0.015         0.026         0.000
 RAT4           0.073        -0.017        -0.016         0.000


           Standardized Residuals (z-scores) for Covariances
              RAT1          RAT2          RAT3          RAT4
              ________      ________      ________      ________
 RAT1           0.000
 RAT2          -1.436       999.000
 RAT3          -1.584       999.000       999.000
 RAT4         999.000        -0.576        -0.910         0.022


           Normalized Residuals for Covariances
              RAT1          RAT2          RAT3          RAT4
              ________      ________      ________      ________
 RAT1           0.000
 RAT2          -0.624         0.000
 RAT3          -0.207         0.348         0.000
 RAT4           1.131        -0.235        -0.229         0.000


SAMPLE STATISTICS FOR ESTIMATED FACTOR SCORES


     SAMPLE STATISTICS


           Means
              VIGNETTE      VIGNETTE
              ________      ________
                0.000         0.352


           Covariances
              VIGNETTE      VIGNETTE
              ________      ________
 VIGNETTE       0.876
 VIGNETTE       0.000         0.000


           Correlations
              VIGNETTE      VIGNETTE
              ________      ________
 VIGNETTE       1.000
 VIGNETTE     999.000         1.000


PLOT INFORMATION

The following plots are available:

  Histograms (sample values, estimated factor scores, estimated values, residuals)
  Scatterplots (sample values, estimated factor scores, estimated values, residuals)
  Latent variable distribution plots

     Beginning Time:  13:55:51
        Ending Time:  13:55:51
       Elapsed Time:  00:00:00



MUTHEN & MUTHEN
3463 Stoner Ave.
Los Angeles, CA  90066

Tel: (310) 391-9971
Fax: (310) 391-8971
Web: www.StatModel.com
Support: Support@StatModel.com

Copyright (c) 1998-2021 Muthen & Muthen
